2026-10-05 14:00:04 [INFO] [ajax]: Database initialized successfully with all tables.
2026-10-05 14:03:10 [INFO] [ajax]: Loaded 18 intents into IntentClassifier.
2026-10-05 14:03:11 [INFO] [ajax]: Incoming Request [text]: 'what time is it'
2026-10-05 14:03:11 [INFO] [ajax]: Intent Predicted: TIME (Confidence: 0.95)
2026-10-05 14:03:11 [INFO] [ajax]: Executing Direct Tool: 'get_system_time' with entities: {}
2026-10-05 14:03:15 [INFO] [ajax]: Loaded 18 intents into IntentClassifier.
2026-10-05 14:03:15 [INFO] [ajax]: Incoming Request [text]: 'pc status check karo'
2026-10-05 14:03:15 [INFO] [ajax]: Intent Predicted: SYSTEM_INFO (Confidence: 0.95)
2026-10-05 14:03:15 [INFO] [ajax]: Executing Direct Tool: 'get_system_status' with entities: {}
2026-10-05 14:07:05 [INFO] [ajax]: Loaded 18 intents into IntentClassifier.
2026-10-05 14:07:45 [INFO] [ajax]: Loaded 18 intents into IntentClassifier.
2026-10-05 14:07:46 [INFO] [ajax]: Database initialized successfully with all tables.
2026-10-05 14:08:39 [INFO] [ajax]: Loaded 18 intents into IntentClassifier.
2026-10-05 14:09:07 [INFO] [ajax]: Loaded 18 intents into IntentClassifier.
2026-10-05 14:09:29 [INFO] [ajax]: Loaded 18 intents into IntentClassifier.
2026-10-05 14:09:29 [INFO] [ajax]: Database initialized successfully with all tables.
2026-10-05 14:09:29 [INFO] [ajax]: Incoming Request [text]: 'what time is it'
2026-10-05 14:09:29 [INFO] [ajax]: Intent Predicted: TIME (Confidence: 1.0)
2026-10-05 14:09:29 [INFO] [ajax]: Executing Direct Tool: 'get_system_time' with entities: {}
2026-10-05 14:12:34 [INFO] [ajax]: Loaded 18 intents into IntentClassifier.
2026-10-05 14:12:34 [INFO] [ajax]: Database initialized successfully with all tables.
2026-10-05 14:12:34 [INFO] [ajax]: Incoming Request [text]: 'what time is it'
2026-10-05 14:12:34 [INFO] [ajax]: Intent Predicted: TIME (Confidence: 1.0)
2026-10-05 14:12:34 [INFO] [ajax]: Executing Direct Tool: 'get_system_time' with entities: {}
2026-10-05 14:13:30 [INFO] [ajax]: Loaded 18 intents into IntentClassifier.
2026-10-05 14:13:30 [INFO] [ajax]: Database initialized successfully with all tables.
2026-10-05 14:13:30 [INFO] [ajax]: Starting AJAX AI GUI on port 8000...
2026-10-05 14:13:30 [INFO] [ajax]: AJAX AI Server running at http://127.0.0.1:8000
2026-10-05 14:13:59 [INFO] [ajax]: Incoming Request [api]: 'what is your name'
2026-10-05 14:13:59 [INFO] [ajax]: Intent Predicted: SEARCH_WIKIPEDIA (Confidence: 0.58)
