2026-10-05 14:01:45 [INFO] [tools]: Registered tool: 'get_system_time' [PermissionLevel.SAFE]
2026-10-05 14:01:45 [INFO] [tools]: Registered tool: 'get_system_status' [PermissionLevel.SAFE]
2026-10-05 14:01:45 [INFO] [tools]: Registered tool: 'control_volume' [PermissionLevel.SAFE]
2026-10-05 14:01:45 [INFO] [tools]: Registered tool: 'take_screenshot' [PermissionLevel.SAFE]
2026-10-05 14:01:45 [INFO] [tools]: Registered tool: 'system_power' [PermissionLevel.CONFIRM_REQUIRED]
2026-10-05 14:01:45 [INFO] [tools]: Registered tool: 'open_application' [PermissionLevel.SAFE]
2026-10-05 14:01:45 [INFO] [tools]: Registered tool: 'close_application' [PermissionLevel.SAFE]
2026-10-05 14:01:45 [INFO] [tools]: Registered tool: 'search_web' [PermissionLevel.SAFE]
2026-10-05 14:01:45 [INFO] [tools]: Registered tool: 'search_wikipedia' [PermissionLevel.SAFE]
2026-10-05 14:01:45 [INFO] [tools]: Registered tool: 'play_youtube' [PermissionLevel.SAFE]
2026-10-05 14:01:45 [INFO] [tools]: Registered tool: 'open_website' [PermissionLevel.SAFE]
2026-10-05 14:01:45 [INFO] [tools]: Registered tool: 'search_files' [PermissionLevel.SAFE]
2026-10-05 14:01:45 [INFO] [tools]: Registered tool: 'read_file' [PermissionLevel.SAFE]
2026-10-05 14:01:45 [INFO] [tools]: Registered tool: 'delete_file' [PermissionLevel.CONFIRM_REQUIRED]
2026-10-05 14:01:45 [INFO] [tools]: Registered tool: 'get_weather' [PermissionLevel.SAFE]
2026-10-05 14:01:45 [INFO] [tools]: Registered tool: 'set_timer' [PermissionLevel.SAFE]
2026-10-05 14:01:45 [INFO] [tools]: Registered tool: 'set_alarm' [PermissionLevel.SAFE]
2026-10-05 14:03:11 [INFO] [tools]: Registered tool: 'get_system_time' [PermissionLevel.SAFE]
2026-10-05 14:03:11 [INFO] [tools]: Registered tool: 'get_system_status' [PermissionLevel.SAFE]
2026-10-05 14:03:11 [INFO] [tools]: Registered tool: 'control_volume' [PermissionLevel.SAFE]
2026-10-05 14:03:11 [INFO] [tools]: Registered tool: 'take_screenshot' [PermissionLevel.SAFE]
2026-10-05 14:03:11 [INFO] [tools]: Registered tool: 'system_power' [PermissionLevel.CONFIRM_REQUIRED]
2026-10-05 14:03:11 [INFO] [tools]: Registered tool: 'open_application' [PermissionLevel.SAFE]
2026-10-05 14:03:11 [INFO] [tools]: Registered tool: 'close_application' [PermissionLevel.SAFE]
2026-10-05 14:03:11 [INFO] [tools]: Registered tool: 'search_web' [PermissionLevel.SAFE]
2026-10-05 14:03:11 [INFO] [tools]: Registered tool: 'search_wikipedia' [PermissionLevel.SAFE]
2026-10-05 14:03:11 [INFO] [tools]: Registered tool: 'play_youtube' [PermissionLevel.SAFE]
2026-10-05 14:03:11 [INFO] [tools]: Registered tool: 'open_website' [PermissionLevel.SAFE]
2026-10-05 14:03:11 [INFO] [tools]: Registered tool: 'search_files' [PermissionLevel.SAFE]
2026-10-05 14:03:11 [INFO] [tools]: Registered tool: 'read_file' [PermissionLevel.SAFE]
2026-10-05 14:03:11 [INFO] [tools]: Registered tool: 'delete_file' [PermissionLevel.CONFIRM_REQUIRED]
2026-10-05 14:03:11 [INFO] [tools]: Registered tool: 'get_weather' [PermissionLevel.SAFE]
2026-10-05 14:03:11 [INFO] [tools]: Registered tool: 'set_timer' [PermissionLevel.SAFE]
2026-10-05 14:03:11 [INFO] [tools]: Registered tool: 'set_alarm' [PermissionLevel.SAFE]
2026-10-05 14:03:11 [INFO] [tools]: Executed tool 'get_system_time' | Status: SUCCESS | Duration: 0.02ms
2026-10-05 14:03:15 [INFO] [tools]: Registered tool: 'get_system_time' [PermissionLevel.SAFE]
2026-10-05 14:03:15 [INFO] [tools]: Registered tool: 'get_system_status' [PermissionLevel.SAFE]
2026-10-05 14:03:15 [INFO] [tools]: Registered tool: 'control_volume' [PermissionLevel.SAFE]
2026-10-05 14:03:15 [INFO] [tools]: Registered tool: 'take_screenshot' [PermissionLevel.SAFE]
2026-10-05 14:03:15 [INFO] [tools]: Registered tool: 'system_power' [PermissionLevel.CONFIRM_REQUIRED]
2026-10-05 14:03:15 [INFO] [tools]: Registered tool: 'open_application' [PermissionLevel.SAFE]
2026-10-05 14:03:15 [INFO] [tools]: Registered tool: 'close_application' [PermissionLevel.SAFE]
2026-10-05 14:03:15 [INFO] [tools]: Registered tool: 'search_web' [PermissionLevel.SAFE]
2026-10-05 14:03:15 [INFO] [tools]: Registered tool: 'search_wikipedia' [PermissionLevel.SAFE]
2026-10-05 14:03:15 [INFO] [tools]: Registered tool: 'play_youtube' [PermissionLevel.SAFE]
2026-10-05 14:03:15 [INFO] [tools]: Registered tool: 'open_website' [PermissionLevel.SAFE]
2026-10-05 14:03:15 [INFO] [tools]: Registered tool: 'search_files' [PermissionLevel.SAFE]
2026-10-05 14:03:15 [INFO] [tools]: Registered tool: 'read_file' [PermissionLevel.SAFE]
2026-10-05 14:03:15 [INFO] [tools]: Registered tool: 'delete_file' [PermissionLevel.CONFIRM_REQUIRED]
2026-10-05 14:03:15 [INFO] [tools]: Registered tool: 'get_weather' [PermissionLevel.SAFE]
2026-10-05 14:03:15 [INFO] [tools]: Registered tool: 'set_timer' [PermissionLevel.SAFE]
2026-10-05 14:03:15 [INFO] [tools]: Registered tool: 'set_alarm' [PermissionLevel.SAFE]
2026-10-05 14:03:15 [INFO] [tools]: Executed tool 'get_system_status' | Status: SUCCESS | Duration: 501.07ms
2026-10-05 14:07:05 [INFO] [tools]: Registered tool: 'get_system_time' [PermissionLevel.SAFE]
2026-10-05 14:07:05 [INFO] [tools]: Registered tool: 'get_system_status' [PermissionLevel.SAFE]
2026-10-05 14:07:05 [INFO] [tools]: Registered tool: 'control_volume' [PermissionLevel.SAFE]
2026-10-05 14:07:05 [INFO] [tools]: Registered tool: 'take_screenshot' [PermissionLevel.SAFE]
2026-10-05 14:07:05 [INFO] [tools]: Registered tool: 'system_power' [PermissionLevel.CONFIRM_REQUIRED]
2026-10-05 14:07:05 [INFO] [tools]: Registered tool: 'open_application' [PermissionLevel.SAFE]
2026-10-05 14:07:05 [INFO] [tools]: Registered tool: 'close_application' [PermissionLevel.SAFE]
2026-10-05 14:07:05 [INFO] [tools]: Registered tool: 'search_web' [PermissionLevel.SAFE]
2026-10-05 14:07:05 [INFO] [tools]: Registered tool: 'search_wikipedia' [PermissionLevel.SAFE]
2026-10-05 14:07:05 [INFO] [tools]: Registered tool: 'play_youtube' [PermissionLevel.SAFE]
2026-10-05 14:07:05 [INFO] [tools]: Registered tool: 'open_website' [PermissionLevel.SAFE]
2026-10-05 14:07:05 [INFO] [tools]: Registered tool: 'search_files' [PermissionLevel.SAFE]
2026-10-05 14:07:05 [INFO] [tools]: Registered tool: 'read_file' [PermissionLevel.SAFE]
2026-10-05 14:07:05 [INFO] [tools]: Registered tool: 'delete_file' [PermissionLevel.CONFIRM_REQUIRED]
2026-10-05 14:07:05 [INFO] [tools]: Registered tool: 'get_weather' [PermissionLevel.SAFE]
2026-10-05 14:07:05 [INFO] [tools]: Registered tool: 'set_timer' [PermissionLevel.SAFE]
2026-10-05 14:07:05 [INFO] [tools]: Registered tool: 'set_alarm' [PermissionLevel.SAFE]
2026-10-05 14:07:05 [INFO] [tools]: Registered tool: 'remember_fact' [PermissionLevel.SAFE]
2026-10-05 14:07:05 [INFO] [tools]: Registered tool: 'recall_memory' [PermissionLevel.SAFE]
2026-10-05 14:07:05 [INFO] [tools]: Registered tool: 'query_documents' [PermissionLevel.SAFE]
2026-10-05 14:07:05 [INFO] [tools]: Registered tool: 'analyze_screen' [PermissionLevel.SAFE]
2026-10-05 14:07:45 [INFO] [tools]: Registered tool: 'get_system_time' [PermissionLevel.SAFE]
2026-10-05 14:07:45 [INFO] [tools]: Registered tool: 'get_system_status' [PermissionLevel.SAFE]
2026-10-05 14:07:45 [INFO] [tools]: Registered tool: 'control_volume' [PermissionLevel.SAFE]
2026-10-05 14:07:45 [INFO] [tools]: Registered tool: 'take_screenshot' [PermissionLevel.SAFE]
2026-10-05 14:07:45 [INFO] [tools]: Registered tool: 'system_power' [PermissionLevel.CONFIRM_REQUIRED]
2026-10-05 14:07:45 [INFO] [tools]: Registered tool: 'open_application' [PermissionLevel.SAFE]
2026-10-05 14:07:45 [INFO] [tools]: Registered tool: 'close_application' [PermissionLevel.SAFE]
2026-10-05 14:07:45 [INFO] [tools]: Registered tool: 'search_web' [PermissionLevel.SAFE]
2026-10-05 14:07:45 [INFO] [tools]: Registered tool: 'search_wikipedia' [PermissionLevel.SAFE]
2026-10-05 14:07:45 [INFO] [tools]: Registered tool: 'play_youtube' [PermissionLevel.SAFE]
2026-10-05 14:07:45 [INFO] [tools]: Registered tool: 'open_website' [PermissionLevel.SAFE]
2026-10-05 14:07:45 [INFO] [tools]: Registered tool: 'search_files' [PermissionLevel.SAFE]
2026-10-05 14:07:45 [INFO] [tools]: Registered tool: 'read_file' [PermissionLevel.SAFE]
2026-10-05 14:07:45 [INFO] [tools]: Registered tool: 'delete_file' [PermissionLevel.CONFIRM_REQUIRED]
2026-10-05 14:07:45 [INFO] [tools]: Registered tool: 'get_weather' [PermissionLevel.SAFE]
2026-10-05 14:07:45 [INFO] [tools]: Registered tool: 'set_timer' [PermissionLevel.SAFE]
2026-10-05 14:07:45 [INFO] [tools]: Registered tool: 'set_alarm' [PermissionLevel.SAFE]
2026-10-05 14:07:45 [INFO] [tools]: Registered tool: 'remember_fact' [PermissionLevel.SAFE]
2026-10-05 14:07:45 [INFO] [tools]: Registered tool: 'recall_memory' [PermissionLevel.SAFE]
2026-10-05 14:07:45 [INFO] [tools]: Registered tool: 'query_documents' [PermissionLevel.SAFE]
2026-10-05 14:07:45 [INFO] [tools]: Registered tool: 'analyze_screen' [PermissionLevel.SAFE]
2026-10-05 14:09:29 [INFO] [tools]: Registered tool: 'get_system_time' [PermissionLevel.SAFE]
2026-10-05 14:09:29 [INFO] [tools]: Registered tool: 'get_system_status' [PermissionLevel.SAFE]
2026-10-05 14:09:29 [INFO] [tools]: Registered tool: 'control_volume' [PermissionLevel.SAFE]
2026-10-05 14:09:29 [INFO] [tools]: Registered tool: 'take_screenshot' [PermissionLevel.SAFE]
2026-10-05 14:09:29 [INFO] [tools]: Registered tool: 'system_power' [PermissionLevel.CONFIRM_REQUIRED]
2026-10-05 14:09:29 [INFO] [tools]: Registered tool: 'open_application' [PermissionLevel.SAFE]
2026-10-05 14:09:29 [INFO] [tools]: Registered tool: 'close_application' [PermissionLevel.SAFE]
2026-10-05 14:09:29 [INFO] [tools]: Registered tool: 'search_web' [PermissionLevel.SAFE]
2026-10-05 14:09:29 [INFO] [tools]: Registered tool: 'search_wikipedia' [PermissionLevel.SAFE]
2026-10-05 14:09:29 [INFO] [tools]: Registered tool: 'play_youtube' [PermissionLevel.SAFE]
2026-10-05 14:09:29 [INFO] [tools]: Registered tool: 'open_website' [PermissionLevel.SAFE]
2026-10-05 14:09:29 [INFO] [tools]: Registered tool: 'search_files' [PermissionLevel.SAFE]
2026-10-05 14:09:29 [INFO] [tools]: Registered tool: 'read_file' [PermissionLevel.SAFE]
2026-10-05 14:09:29 [INFO] [tools]: Registered tool: 'delete_file' [PermissionLevel.CONFIRM_REQUIRED]
2026-10-05 14:09:29 [INFO] [tools]: Registered tool: 'get_weather' [PermissionLevel.SAFE]
2026-10-05 14:09:29 [INFO] [tools]: Registered tool: 'set_timer' [PermissionLevel.SAFE]
2026-10-05 14:09:29 [INFO] [tools]: Registered tool: 'set_alarm' [PermissionLevel.SAFE]
2026-10-05 14:09:29 [INFO] [tools]: Registered tool: 'remember_fact' [PermissionLevel.SAFE]
2026-10-05 14:09:29 [INFO] [tools]: Registered tool: 'recall_memory' [PermissionLevel.SAFE]
2026-10-05 14:09:29 [INFO] [tools]: Registered tool: 'query_documents' [PermissionLevel.SAFE]
2026-10-05 14:09:29 [INFO] [tools]: Registered tool: 'analyze_screen' [PermissionLevel.SAFE]
2026-10-05 14:09:29 [INFO] [tools]: Executed tool 'get_system_time' | Status: SUCCESS | Duration: 0.03ms
2026-10-05 14:12:34 [INFO] [tools]: Registered tool: 'get_system_time' [PermissionLevel.SAFE]
2026-10-05 14:12:34 [INFO] [tools]: Registered tool: 'get_system_status' [PermissionLevel.SAFE]
2026-10-05 14:12:34 [INFO] [tools]: Registered tool: 'control_volume' [PermissionLevel.SAFE]
2026-10-05 14:12:34 [INFO] [tools]: Registered tool: 'take_screenshot' [PermissionLevel.SAFE]
2026-10-05 14:12:34 [INFO] [tools]: Registered tool: 'system_power' [PermissionLevel.CONFIRM_REQUIRED]
2026-10-05 14:12:34 [INFO] [tools]: Registered tool: 'open_application' [PermissionLevel.SAFE]
2026-10-05 14:12:34 [INFO] [tools]: Registered tool: 'close_application' [PermissionLevel.SAFE]
2026-10-05 14:12:34 [INFO] [tools]: Registered tool: 'search_web' [PermissionLevel.SAFE]
2026-10-05 14:12:34 [INFO] [tools]: Registered tool: 'search_wikipedia' [PermissionLevel.SAFE]
2026-10-05 14:12:34 [INFO] [tools]: Registered tool: 'play_youtube' [PermissionLevel.SAFE]
2026-10-05 14:12:34 [INFO] [tools]: Registered tool: 'open_website' [PermissionLevel.SAFE]
2026-10-05 14:12:34 [INFO] [tools]: Registered tool: 'search_files' [PermissionLevel.SAFE]
2026-10-05 14:12:34 [INFO] [tools]: Registered tool: 'read_file' [PermissionLevel.SAFE]
2026-10-05 14:12:34 [INFO] [tools]: Registered tool: 'delete_file' [PermissionLevel.CONFIRM_REQUIRED]
2026-10-05 14:12:34 [INFO] [tools]: Registered tool: 'get_weather' [PermissionLevel.SAFE]
2026-10-05 14:12:34 [INFO] [tools]: Registered tool: 'set_timer' [PermissionLevel.SAFE]
2026-10-05 14:12:34 [INFO] [tools]: Registered tool: 'set_alarm' [PermissionLevel.SAFE]
2026-10-05 14:12:34 [INFO] [tools]: Registered tool: 'remember_fact' [PermissionLevel.SAFE]
2026-10-05 14:12:34 [INFO] [tools]: Registered tool: 'recall_memory' [PermissionLevel.SAFE]
2026-10-05 14:12:34 [INFO] [tools]: Registered tool: 'query_documents' [PermissionLevel.SAFE]
2026-10-05 14:12:34 [INFO] [tools]: Registered tool: 'analyze_screen' [PermissionLevel.SAFE]
2026-10-05 14:12:34 [INFO] [tools]: Executed tool 'get_system_time' | Status: SUCCESS | Duration: 0.03ms
2026-10-05 14:13:30 [INFO] [tools]: Registered tool: 'get_system_time' [PermissionLevel.SAFE]
2026-10-05 14:13:30 [INFO] [tools]: Registered tool: 'get_system_status' [PermissionLevel.SAFE]
2026-10-05 14:13:30 [INFO] [tools]: Registered tool: 'control_volume' [PermissionLevel.SAFE]
2026-10-05 14:13:30 [INFO] [tools]: Registered tool: 'take_screenshot' [PermissionLevel.SAFE]
2026-10-05 14:13:30 [INFO] [tools]: Registered tool: 'system_power' [PermissionLevel.CONFIRM_REQUIRED]
2026-10-05 14:13:30 [INFO] [tools]: Registered tool: 'open_application' [PermissionLevel.SAFE]
2026-10-05 14:13:30 [INFO] [tools]: Registered tool: 'close_application' [PermissionLevel.SAFE]
2026-10-05 14:13:30 [INFO] [tools]: Registered tool: 'search_web' [PermissionLevel.SAFE]
2026-10-05 14:13:30 [INFO] [tools]: Registered tool: 'search_wikipedia' [PermissionLevel.SAFE]
2026-10-05 14:13:30 [INFO] [tools]: Registered tool: 'play_youtube' [PermissionLevel.SAFE]
2026-10-05 14:13:30 [INFO] [tools]: Registered tool: 'open_website' [PermissionLevel.SAFE]
2026-10-05 14:13:30 [INFO] [tools]: Registered tool: 'search_files' [PermissionLevel.SAFE]
2026-10-05 14:13:30 [INFO] [tools]: Registered tool: 'read_file' [PermissionLevel.SAFE]
2026-10-05 14:13:30 [INFO] [tools]: Registered tool: 'delete_file' [PermissionLevel.CONFIRM_REQUIRED]
2026-10-05 14:13:30 [INFO] [tools]: Registered tool: 'get_weather' [PermissionLevel.SAFE]
2026-10-05 14:13:30 [INFO] [tools]: Registered tool: 'set_timer' [PermissionLevel.SAFE]
2026-10-05 14:13:30 [INFO] [tools]: Registered tool: 'set_alarm' [PermissionLevel.SAFE]
2026-10-05 14:13:30 [INFO] [tools]: Registered tool: 'remember_fact' [PermissionLevel.SAFE]
2026-10-05 14:13:30 [INFO] [tools]: Registered tool: 'recall_memory' [PermissionLevel.SAFE]
2026-10-05 14:13:30 [INFO] [tools]: Registered tool: 'query_documents' [PermissionLevel.SAFE]
2026-10-05 14:13:30 [INFO] [tools]: Registered tool: 'analyze_screen' [PermissionLevel.SAFE]
