2026-10-05 14:07:06 [INFO] [voice]: pyttsx3 TTS Engine initialized successfully.
2026-10-05 14:07:46 [INFO] [voice]: pyttsx3 TTS Engine initialized successfully.
2026-10-05 14:13:30 [INFO] [voice]: pyttsx3 TTS Engine initialized successfully.
2026-10-05 14:16:54 [INFO] [voice]: pyttsx3 TTS Engine initialized successfully.
2026-10-05 14:17:38 [INFO] [voice]: pyttsx3 TTS Engine initialized successfully.
2026-10-05 14:27:02 [INFO] [voice]: pyttsx3 TTS Engine initialized successfully.
2026-10-05 14:27:02 [INFO] [voice]: Speaking: 'Good Afternoon! I am AJAX, your Adaptive AI Assistant. How can I help you today?'
2026-10-05 14:27:09 [INFO] [voice]: Microphone listening...
2026-10-05 14:27:14 [INFO] [voice]: Transcribing audio...
2026-10-05 14:27:15 [INFO] [voice]: Microphone listening...
2026-10-05 14:27:19 [INFO] [voice]: Transcribing audio...
2026-10-05 14:27:20 [INFO] [voice]: Microphone listening...
2026-10-05 14:27:22 [INFO] [voice]: Transcribing audio...
2026-10-05 14:27:23 [INFO] [voice]: Microphone listening...
2026-10-05 14:27:27 [INFO] [voice]: Transcribing audio...
2026-10-05 14:27:27 [INFO] [voice]: Microphone listening...
2026-10-05 14:27:30 [INFO] [voice]: Transcribing audio...
2026-10-05 14:27:30 [INFO] [voice]: Recognized Speech: 'open YouTube'
2026-10-05 14:27:31 [INFO] [voice]: Microphone listening...
2026-10-05 14:27:34 [INFO] [voice]: Transcribing audio...
2026-10-05 14:27:34 [INFO] [voice]: Microphone listening...
2026-10-05 14:27:37 [INFO] [voice]: Transcribing audio...
2026-10-05 14:27:38 [INFO] [voice]: Microphone listening...
2026-10-05 14:27:42 [INFO] [voice]: Transcribing audio...
2026-10-05 14:27:43 [INFO] [voice]: Microphone listening...
2026-10-05 14:27:47 [INFO] [voice]: Transcribing audio...
2026-10-05 14:27:48 [INFO] [voice]: Microphone listening...
2026-10-05 14:27:50 [INFO] [voice]: Transcribing audio...
2026-10-05 14:27:51 [INFO] [voice]: Microphone listening...
2026-10-05 14:27:55 [INFO] [voice]: Transcribing audio...
2026-10-05 14:27:56 [INFO] [voice]: Microphone listening...
2026-10-05 14:27:59 [INFO] [voice]: Transcribing audio...
2026-10-05 14:27:59 [INFO] [voice]: Microphone listening...
2026-10-05 14:28:02 [INFO] [voice]: Transcribing audio...
2026-10-05 14:28:02 [INFO] [voice]: Microphone listening...
2026-10-05 14:28:05 [INFO] [voice]: Transcribing audio...
2026-10-05 14:28:06 [INFO] [voice]: Microphone listening...
2026-10-05 14:28:10 [INFO] [voice]: Transcribing audio...
2026-10-05 14:28:11 [INFO] [voice]: Microphone listening...
2026-10-05 14:28:16 [INFO] [voice]: Transcribing audio...
2026-10-05 14:28:18 [INFO] [voice]: Microphone listening...
2026-10-05 14:28:20 [INFO] [voice]: Transcribing audio...
2026-10-05 14:28:21 [INFO] [voice]: Microphone listening...
2026-10-05 14:28:25 [INFO] [voice]: Transcribing audio...
2026-10-05 14:28:26 [INFO] [voice]: Microphone listening...
2026-10-05 14:28:30 [INFO] [voice]: Transcribing audio...
2026-10-05 14:28:31 [INFO] [voice]: Microphone listening...
2026-10-05 14:28:33 [INFO] [voice]: Transcribing audio...
2026-10-05 14:28:34 [INFO] [voice]: Microphone listening...
2026-10-05 14:28:37 [INFO] [voice]: Transcribing audio...
2026-10-05 14:28:38 [INFO] [voice]: Recognized Speech: 'hello'
2026-10-05 14:28:38 [INFO] [voice]: Microphone listening...
2026-10-05 14:28:44 [INFO] [voice]: Transcribing audio...
2026-10-05 14:28:45 [INFO] [voice]: Microphone listening...
2026-10-05 14:28:50 [INFO] [voice]: Transcribing audio...
2026-10-05 14:28:52 [INFO] [voice]: Microphone listening...
2026-10-05 14:29:01 [INFO] [voice]: Microphone listening...
2026-10-05 14:29:04 [INFO] [voice]: Transcribing audio...
2026-10-05 14:29:05 [INFO] [voice]: Microphone listening...
2026-10-05 14:29:08 [INFO] [voice]: Transcribing audio...
2026-10-05 14:29:09 [INFO] [voice]: Microphone listening...
2026-10-05 14:29:13 [INFO] [voice]: Transcribing audio...
2026-10-05 14:29:14 [INFO] [voice]: Microphone listening...
2026-10-05 14:29:19 [INFO] [voice]: Transcribing audio...
2026-10-05 14:29:20 [INFO] [voice]: Recognized Speech: 'ajax Chrome kholo'
2026-10-05 14:29:20 [INFO] [voice]: Speaking: 'Action failed: Exception executing tool 'open_application': OpenApplicationTool.execute() missing 1 required positional argument: 'app_name''
2026-10-05 14:29:31 [INFO] [voice]: Microphone listening...
2026-10-05 14:29:39 [INFO] [voice]: Transcribing audio...
2026-10-05 14:29:40 [INFO] [voice]: Microphone listening...
2026-10-05 14:29:43 [INFO] [voice]: Transcribing audio...
2026-10-05 14:29:44 [INFO] [voice]: Microphone listening...
2026-10-05 14:29:52 [INFO] [voice]: Transcribing audio...
2026-10-05 14:29:53 [INFO] [voice]: Recognized Speech: 'I just check the system status'
2026-10-05 14:29:53 [INFO] [voice]: Microphone listening...
2026-10-05 14:30:01 [INFO] [voice]: Transcribing audio...
2026-10-05 14:30:03 [INFO] [voice]: Microphone listening...
2026-10-05 14:30:06 [INFO] [voice]: Transcribing audio...
2026-10-05 14:30:06 [INFO] [voice]: Microphone listening...
2026-10-05 14:30:08 [INFO] [voice]: Transcribing audio...
2026-10-05 14:30:09 [INFO] [voice]: Microphone listening...
2026-10-05 14:30:12 [INFO] [voice]: Transcribing audio...
2026-10-05 14:30:13 [INFO] [voice]: Microphone listening...
2026-10-05 14:30:16 [INFO] [voice]: pyttsx3 TTS Engine initialized successfully.
2026-10-05 14:30:16 [INFO] [voice]: Speaking: 'Good Afternoon! I am AJAX, your Adaptive AI Assistant. How can I help you today?'
2026-10-05 14:30:24 [INFO] [voice]: Microphone listening...
2026-10-05 14:30:27 [INFO] [voice]: Transcribing audio...
2026-10-05 14:30:28 [INFO] [voice]: Recognized Speech: 'play Aziz on YouTube'
2026-10-05 14:30:29 [INFO] [voice]: Microphone listening...
2026-10-05 14:30:31 [INFO] [voice]: Transcribing audio...
2026-10-05 14:30:32 [INFO] [voice]: Microphone listening...
2026-10-05 14:30:38 [INFO] [voice]: Transcribing audio...
2026-10-05 14:30:39 [INFO] [voice]: Microphone listening...
2026-10-05 14:30:42 [INFO] [voice]: Transcribing audio...
2026-10-05 14:30:43 [INFO] [voice]: Recognized Speech: 'ajax what is time'
2026-10-05 14:30:43 [INFO] [voice]: Speaking: 'Current time is 02:30 PM on Monday, October 05, 2026.'
2026-10-05 14:30:49 [INFO] [voice]: Microphone listening...
2026-10-05 14:30:53 [INFO] [voice]: Transcribing audio...
2026-10-05 14:30:54 [INFO] [voice]: Recognized Speech: 'ajax check the system status'
2026-10-05 14:30:54 [INFO] [voice]: Speaking: 'CPU Usage: 23.6%
RAM Usage: 76.3% (12264MB / 16074MB)
Disk Usage: 81.3% free (89GB available)
Battery: 79% (Plugged In)'
2026-10-05 14:31:16 [INFO] [voice]: Microphone listening...
2026-10-05 14:31:21 [INFO] [voice]: Transcribing audio...
2026-10-05 14:31:22 [INFO] [voice]: Recognized Speech: 'ajax set a timer 1 minut'
2026-10-05 14:31:23 [INFO] [voice]: Speaking: 'Timer set for 1 minute(s) . I will alert you when it expires.'
2026-10-05 14:31:28 [INFO] [voice]: Microphone listening...
2026-10-05 14:31:35 [INFO] [voice]: Transcribing audio...
2026-10-05 14:31:36 [INFO] [voice]: Microphone listening...
2026-10-05 14:31:41 [INFO] [voice]: Transcribing audio...
2026-10-05 14:31:42 [INFO] [voice]: Microphone listening...
2026-10-05 14:31:46 [INFO] [voice]: Transcribing audio...
2026-10-05 14:31:48 [INFO] [voice]: Microphone listening...
2026-10-05 14:31:51 [INFO] [voice]: Transcribing audio...
2026-10-05 14:31:52 [INFO] [voice]: Microphone listening...
2026-10-05 14:31:55 [INFO] [voice]: Transcribing audio...
2026-10-05 14:31:56 [INFO] [voice]: Microphone listening...
2026-10-05 14:31:58 [INFO] [voice]: Transcribing audio...
2026-10-05 14:31:59 [INFO] [voice]: Microphone listening...
2026-10-05 14:32:03 [INFO] [voice]: Transcribing audio...
2026-10-05 14:32:04 [INFO] [voice]: Microphone listening...
2026-10-05 14:32:06 [INFO] [voice]: Transcribing audio...
2026-10-05 14:32:07 [INFO] [voice]: Microphone listening...
2026-10-05 14:32:12 [INFO] [voice]: Transcribing audio...
2026-10-05 14:32:13 [INFO] [voice]: Microphone listening...
2026-10-05 14:32:17 [INFO] [voice]: Transcribing audio...
2026-10-05 14:32:18 [INFO] [voice]: Microphone listening...
2026-10-05 14:32:24 [INFO] [voice]: Speaking: 'Attention: Timer finished!'
2026-10-05 14:32:32 [INFO] [voice]: Transcribing audio...
2026-10-05 14:32:34 [INFO] [voice]: Microphone listening...
2026-10-05 14:32:37 [INFO] [voice]: Transcribing audio...
2026-10-05 14:32:38 [INFO] [voice]: Microphone listening...
2026-10-05 14:32:42 [INFO] [voice]: Transcribing audio...
2026-10-05 14:32:43 [INFO] [voice]: Microphone listening...
2026-10-05 14:32:46 [INFO] [voice]: Transcribing audio...
2026-10-05 14:32:47 [INFO] [voice]: Microphone listening...
2026-10-05 14:32:49 [INFO] [voice]: Transcribing audio...
2026-10-05 14:32:50 [INFO] [voice]: Microphone listening...
2026-10-05 14:32:52 [INFO] [voice]: Transcribing audio...
2026-10-05 14:32:53 [INFO] [voice]: Microphone listening...
2026-10-05 14:32:57 [INFO] [voice]: Transcribing audio...
2026-10-05 14:32:58 [INFO] [voice]: Recognized Speech: 'time'
2026-10-05 14:32:58 [INFO] [voice]: Microphone listening...
2026-10-05 14:33:02 [INFO] [voice]: Transcribing audio...
2026-10-05 14:33:03 [INFO] [voice]: Recognized Speech: 'ajax time'
2026-10-05 14:33:03 [INFO] [voice]: Speaking: 'Current time is 02:33 PM on Monday, October 05, 2026.'
2026-10-05 14:34:33 [INFO] [voice]: pyttsx3 TTS Engine initialized successfully.
